// Jest Snapshot v1, https://goo.gl/fbAQLP

exports[`matches snapshot 1`] = `
<DocumentFragment>
  <div>
    <h3>
      Todos
    </h3>
    <form>
      <label
        for="todo"
      >
        Add todo:
      </label>
      <input
        id="todo"
        name="todo"
        placeholder="todo"
        type="text"
        value=""
      />
      <button>
        Add todo
      </button>
    </form>
    <div />
  </div>
</DocumentFragment>
`;
